// Jest Snapshot v1, https://goo.gl/fbAQLP

exports[`<Progress /> should be render correctly 1`] = `
<styled.div
  backgroundColor="#d3d3d3"
  height={3}
  progressColor="#6197c6"
>
  <div
    className="indeterminate"
  />
</styled.div>
`;
